"logFC"	"logCPM"	"PValue"	"FDR"
"hsa-miR-122-5p"	5.81939212457929	15.9058324174476	6.66190300104715e-92	2.79133735743875e-89
"hsa-miR-375"	6.01884118520699	10.5389599882723	1.01061999173104e-44	2.11724888267653e-42
"hsa-miR-192-5p"	2.46771956103545	11.5697779606361	1.6629536199433e-23	2.32259188918748e-21
"hsa-miR-99a-5p"	1.86610142523333	11.7120390066704	5.87935974099425e-15	6.15862932869148e-13
"hsa-miR-215-5p"	4.85962360510201	7.9712704456008	8.53573011427111e-14	7.15294183575919e-12
"hsa-miR-100-5p"	1.90537809879613	10.3263953418704	4.78242700233075e-13	3.33972818996097e-11
"hsa-miR-200a-3p"	5.84390606202269	6.85874475330896	5.73648933061558e-12	3.43369861361132e-10
"hsa-miR-27b-3p"	1.3178654983331	11.9672694712199	0.00000000500606665312531	0.000000262192740957438
"hsa-miR-451a"	1.76641513979915	13.7639451065047	0.00000000626876412393478	0.000000291845796436519
"hsa-miR-320b"	2.03722875171606	9.23087840616265	0.0000000351043570864388	0.00000147087256192178
"hsa-miR-27a-3p"	1.26608149178211	11.0565750193494	0.0000000726269246701281	0.00000276642558516215
"hsa-miR-10b-5p"	1.05597751837864	13.2306550277327	0.000000163225044538162	0.00000569927447179083
"hsa-miR-4433b-3p"	-1.84974978274951	9.37978441848515	0.00000116798971403436	0.0000376452069369536
"hsa-miR-125b-5p"	2.0745260633347	8.23290847742835	0.00000239734941744493	0.0000717492432792446
"hsa-miR-378a-3p"	1.5426991524604	10.8237910022571	0.00000259574156535566	0.000072507714392268
"hsa-miR-320c"	1.84133084263339	8.07976159045687	0.00000404418639507901	0.000105907131221132
"hsa-miR-26a-5p"	-1.08318226529884	15.7208838655272	0.00000478208717840818	0.000117864383985472
"hsa-miR-126-3p"	-0.938445680711171	14.1190561880323	0.00000535624731714087	0.000124681534771224
"hsa-miR-339-5p"	-2.67797068543788	7.58111546850198	0.00000826621599753261	0.000182291815945588
"hsa-miR-370-3p"	-1.5757003633795	9.23930239043879	0.0000137078951938497	0.000287180404311152
"hsa-miR-203a-3p"	3.29372172930871	6.86724749433512	0.0000169244679769295	0.000337683432492069
"hsa-miR-222-3p"	-0.979008870583764	12.784894273613	0.0000229754461951343	0.000437577816170967
"hsa-miR-486-5p"	0.992054008302816	15.5014562704833	0.0000408539964909068	0.000744253240421302
"hsa-miR-148a-3p"	0.781234607401717	15.4077317158595	0.0000598992558882059	0.00104574117571493
"hsa-let-7e-5p"	-1.13272692206629	11.1288923085926	0.0000699013471727268	0.0011715465786149
"hsa-miR-22-3p"	0.937639361336059	13.0693694850455	0.0000735933440022294	0.00118598504372824
"hsa-miR-423-3p"	-0.879098513520004	13.6479722526409	0.0000812584981827375	0.00126101150883581
"hsa-miR-150-5p"	-1.73402151751561	9.30307850451891	0.0000941684734428879	0.0014091639418775
"hsa-miR-103a-3p"	-0.985545846796914	10.6212321304083	0.000127308375986686	0.00183069745360741
"hsa-miR-328-3p"	-1.19454794832062	9.5276465163948	0.000131076189995757	0.00183069745360741
"hsa-let-7d-5p"	-0.926907644901748	11.135589192343	0.000174732968171222	0.0023089580174421
"hsa-miR-320d"	2.54896632227058	6.47552710073589	0.000176340469112523	0.0023089580174421
"hsa-miR-101-3p"	0.82635475024185	13.2514639008974	0.000189354045667558	0.0024042225798396
"hsa-miR-10a-5p"	0.745241846040075	12.9483677208451	0.000230141770535351	0.002836158878068
"hsa-miR-16-2-3p"	0.888261601378078	10.6223875146365	0.000375854253522556	0.00449951234931289
"hsa-miR-335-3p"	-1.25313735366996	9.48421605324867	0.000391438424398897	0.00455590832842049
"hsa-miR-361-3p"	-1.11404664861323	9.59256833633575	0.000508955115225913	0.0057635727913421
"hsa-miR-320a"	1.18986526347475	13.4242049422666	0.00053722783352252	0.0059236437433141
"hsa-let-7d-3p"	0.754387190281083	12.0382900576477	0.000623668948450328	0.00670044331796635
"hsa-miR-1307-3p"	-0.799986511170451	11.5710995843896	0.000814126277839778	0.00835932224867385
"hsa-miR-145-3p"	1.89517246070993	7.06561444855681	0.000817976640085031	0.00835932224867385
"hsa-miR-30c-5p"	-1.47959607052317	10.5443980668842	0.00120221704019608	0.011993546186718
"hsa-miR-21-5p"	-0.719662742495914	17.0378378349164	0.0013913981531134	0.0135580424687097
"hsa-miR-29a-3p"	1.13230270528811	8.42936366436758	0.00160409993615082	0.0152754062101635
"hsa-miR-193a-5p"	2.83929095060072	6.46115387412834	0.0017083552986034	0.0158060833631052
"hsa-let-7a-5p"	-0.737845312734179	15.5545461480408	0.00176869817534712	0.0158060833631052
"hsa-miR-92b-3p"	1.09891747278641	8.48349762481595	0.00177299741781848	0.0158060833631052
"hsa-miR-155-5p"	-1.27219900802165	8.40691774653099	0.0018735302924585	0.016354358177919
"hsa-let-7f-5p"	-0.775699360889545	15.5145344445165	0.00225679923331394	0.0191846350297319
"hsa-miR-146b-5p"	-0.649611259060394	13.0476526790696	0.00232084949157928	0.0191846350297319
"hsa-miR-130b-5p"	-0.878188245992863	9.8511978657288	0.00233512264085042	0.0191846350297319
"hsa-miR-191-5p"	-0.77349712594597	12.4188793218489	0.00309545550782361	0.0249422280341941
"hsa-miR-152-3p"	-0.848935418634482	9.62196790610681	0.00339139607964612	0.0268112256107873
"hsa-miR-30e-3p"	-0.791291316120916	10.4087620435776	0.00345824487503942	0.0268334185674355
"hsa-miR-223-5p"	0.768182765675127	10.8023396446473	0.00367170414014216	0.0279717097221739
"hsa-miR-454-3p"	-7.64788714004618	3.81575726200084	0.00395302653831098	0.0295771092777197
"hsa-miR-1301-3p"	-1.04941816958028	8.45959321403693	0.00506423970841729	0.0372266041724008
"hsa-miR-17-5p"	-0.977869697695452	8.83872003223325	0.00550650257996979	0.039779734155299
"hsa-miR-1246"	1.48623656078601	7.8030052743108	0.00575119187361481	0.0408432100855018
"hsa-miR-224-5p"	-0.710327727816842	10.5745058630218	0.00703487641698278	0.0487612838595765
"hsa-miR-199a-5p"	-0.714706733641931	10.4469513111122	0.00709889812752784	0.0487612838595765
